======================================================================
CIFAR-10 Depth-Spanning Columnar Architecture
======================================================================
Model: tiny
Activation: leaky_relu
Column activation: leaky_relu
Columns: 4
Column mode: all_active
Shared columns: 2
Active non-shared: 2
Combiner: sum
Embed dim: 64
Microcolumn dim: 32
Epochs: 10.0
Batch size: 128
Learning rate: 0.01
Weight decay: 0.01
Inference steps: 40
Inference eta: 0.1

Stage outputs: stage2=(32, 32, 16), stage3=(16, 16, 32), stage4=(8, 8, 64)
Target grid: (8, 8), tokens: 64

Active columns: [0, 1, 2, 3]
Graph: 24 nodes, 41 edges
Parameters: 182,938

Loading CIFAR-10...
WARNING: All log messages before absl::InitializeLog() is called are written to STDERR
I0000 00:00:1782065233.301015 1390300 port.cc:153] oneDNN custom operations are on. You may see slightly different numerical results due to floating-point round-off errors from different computation orders. To turn them off, set the environment variable `TF_ENABLE_ONEDNN_OPTS=0`.
I0000 00:00:1782065233.301538 1390300 cudart_stub.cc:31] Could not find cuda drivers on your machine, GPU will not be used.
WARNING: All log messages before absl::InitializeLog() is called are written to STDERR
I0000 00:00:1782065234.212237 1390300 port.cc:153] oneDNN custom operations are on. You may see slightly different numerical results due to floating-point round-off errors from different computation orders. To turn them off, set the environment variable `TF_ENABLE_ONEDNN_OPTS=0`.
I0000 00:00:1782065234.212560 1390300 cudart_stub.cc:31] Could not find cuda drivers on your machine, GPU will not be used.
E0000 00:00:1782065234.430323 1390300 cuda_executor.cc:1737] INTERNAL: CUDA Runtime error: Failed call to cudaGetRuntimeVersion: Error loading CUDA libraries. GPU will not be used.: Error loading CUDA libraries. GPU will not be used.
W0000 00:00:1782065234.441615 1390300 gpu_device.cc:2365] Cannot dlopen some GPU libraries. Please make sure the missing libraries mentioned above are installed properly if you would like to use GPU. Follow the guide at https://www.tensorflow.org/install/gpu for how to download and setup the required libraries for your platform.
Skipping registering GPU devices...
Train batches: 352
Val batches: 40
Test batches: 79

----------------------------------------------------------------------
Energy Diagnosis (before training)
----------------------------------------------------------------------
  backbone: 0.7161
  stage_taps: 35.2593
  columns: 98.3636
  combiner: 57.2693
  bypass: 0.0000
  classifier: 160.7995
  E_gauss: 191.6083
  E_ce: 160.7995
  E_gauss/E_ce: 1.1916
Column outputs (z_latent statistics):
  col_00             mean=+0.0000 std=0.9994 min=-3.6076 max=+3.9766
  col_01             mean=+0.0000 std=0.9995 min=-3.7624 max=+3.4251
  col_02             mean=+0.0000 std=0.9991 min=-4.0185 max=+3.7342
  col_03             mean=+0.0000 std=0.9994 min=-3.7298 max=+3.8769
  column_pool        mean=+0.0028 std=0.1191 min=-0.3403 max=+0.2843
  combiner           mean=+0.0000 std=0.0189 min=-0.0972 max=+0.0746
  output             mean=+0.1000 std=0.3000 min=+0.0000 max=+1.0000
  stage2_tap         mean=-0.0000 std=0.9984 min=-3.8441 max=+3.4535
  stage3_tap         mean=-0.0000 std=0.9964 min=-4.0318 max=+3.7492
  stage4_pool        mean=-0.0000 std=0.9777 min=-2.3478 max=+2.9112
  stage4_tap         mean=-0.0000 std=0.9932 min=-4.2616 max=+4.0786
----------------------------------------------------------------------

Training for 10.0 epochs...
