======================================================================
CIFAR-10 Depth-Spanning Columnar Architecture
======================================================================
Model: tiny
Activation: leaky_relu
Column activation: leaky_relu
Columns: 4
Column mode: all_active
Shared columns: 2
Active non-shared: 2
Combiner: sum
Embed dim: 64
Microcolumn dim: 32
Epochs: 10.0
Batch size: 128
Learning rate: 0.01
Weight decay: 0.01
Inference steps: 40
Inference eta: 0.1

Stage outputs: stage2=(32, 32, 16), stage3=(16, 16, 32), stage4=(8, 8, 64)
Target grid: (8, 8), tokens: 64

Active columns: [0, 1, 2, 3]
Graph: 25 nodes, 43 edges
Parameters: 183,578

Loading CIFAR-10...
WARNING: All log messages before absl::InitializeLog() is called are written to STDERR
I0000 00:00:1782065235.406452 1390725 port.cc:153] oneDNN custom operations are on. You may see slightly different numerical results due to floating-point round-off errors from different computation orders. To turn them off, set the environment variable `TF_ENABLE_ONEDNN_OPTS=0`.
I0000 00:00:1782065235.406954 1390725 cudart_stub.cc:31] Could not find cuda drivers on your machine, GPU will not be used.
WARNING: All log messages before absl::InitializeLog() is called are written to STDERR
I0000 00:00:1782065236.443527 1390725 port.cc:153] oneDNN custom operations are on. You may see slightly different numerical results due to floating-point round-off errors from different computation orders. To turn them off, set the environment variable `TF_ENABLE_ONEDNN_OPTS=0`.
I0000 00:00:1782065236.443845 1390725 cudart_stub.cc:31] Could not find cuda drivers on your machine, GPU will not be used.
E0000 00:00:1782065236.675568 1390725 cuda_executor.cc:1737] INTERNAL: CUDA Runtime error: Failed call to cudaGetRuntimeVersion: Error loading CUDA libraries. GPU will not be used.: Error loading CUDA libraries. GPU will not be used.
W0000 00:00:1782065236.688379 1390725 gpu_device.cc:2365] Cannot dlopen some GPU libraries. Please make sure the missing libraries mentioned above are installed properly if you would like to use GPU. Follow the guide at https://www.tensorflow.org/install/gpu for how to download and setup the required libraries for your platform.
Skipping registering GPU devices...
Train batches: 352
Val batches: 40
Test batches: 79

----------------------------------------------------------------------
Energy Diagnosis (before training)
----------------------------------------------------------------------
  backbone: 0.7371
  stage_taps: 37.3477
  columns: 99.6551
  combiner: 34.7114
  bypass: 35.0902
  classifier: 102.1619
  E_gauss: 207.5415
  E_ce: 102.1619
  E_gauss/E_ce: 2.0315
Column outputs (z_latent statistics):
  bypass_pool        mean=+0.0199 std=0.1495 min=-0.6207 max=+0.8134
  col_00             mean=+0.0000 std=0.9994 min=-3.6066 max=+3.9790
  col_01             mean=+0.0000 std=0.9995 min=-3.7679 max=+3.4311
  col_02             mean=+0.0000 std=0.9991 min=-4.0198 max=+3.7316
  col_03             mean=+0.0000 std=0.9994 min=-3.7298 max=+3.8765
  column_pool        mean=+0.0022 std=0.0928 min=-0.2693 max=+0.2308
  combiner           mean=+0.0000 std=0.0189 min=-0.0971 max=+0.0742
  output             mean=+0.1000 std=0.3000 min=+0.0000 max=+1.0000
  stage2_tap         mean=-0.0000 std=0.9984 min=-3.8449 max=+3.4537
  stage3_tap         mean=+0.0000 std=0.9964 min=-4.0307 max=+3.7493
  stage4_pool        mean=-0.0001 std=0.9777 min=-2.3503 max=+2.9140
  stage4_tap         mean=-0.0000 std=0.9932 min=-4.2634 max=+4.0780
----------------------------------------------------------------------

Training for 10.0 epochs...
