======================================================================
CIFAR-10 Depth-Spanning Columnar Architecture
======================================================================
Model: tiny
Activation: leaky_relu
Column activation: leaky_relu
Columns: 4
Column mode: all_active
Shared columns: 2
Active non-shared: 2
Combiner: sum
Embed dim: 64
Microcolumn dim: 32
Epochs: 10.0
Batch size: 128
Learning rate: 0.01
Weight decay: 0.01
Inference steps: 40
Inference eta: 0.1

Stage outputs: stage2=(32, 32, 16), stage3=(16, 16, 32), stage4=(8, 8, 64)
Target grid: (8, 8), tokens: 64

Active columns: [0, 1, 2, 3]
Graph: 25 nodes, 43 edges
Parameters: 182,554

Loading CIFAR-10...
WARNING: All log messages before absl::InitializeLog() is called are written to STDERR
I0000 00:00:1782065230.806113 1389733 port.cc:153] oneDNN custom operations are on. You may see slightly different numerical results due to floating-point round-off errors from different computation orders. To turn them off, set the environment variable `TF_ENABLE_ONEDNN_OPTS=0`.
I0000 00:00:1782065230.806623 1389733 cudart_stub.cc:31] Could not find cuda drivers on your machine, GPU will not be used.
WARNING: All log messages before absl::InitializeLog() is called are written to STDERR
I0000 00:00:1782065231.682588 1389733 port.cc:153] oneDNN custom operations are on. You may see slightly different numerical results due to floating-point round-off errors from different computation orders. To turn them off, set the environment variable `TF_ENABLE_ONEDNN_OPTS=0`.
I0000 00:00:1782065231.682913 1389733 cudart_stub.cc:31] Could not find cuda drivers on your machine, GPU will not be used.
E0000 00:00:1782065231.896660 1389733 cuda_executor.cc:1737] INTERNAL: CUDA Runtime error: Failed call to cudaGetRuntimeVersion: Error loading CUDA libraries. GPU will not be used.: Error loading CUDA libraries. GPU will not be used.
W0000 00:00:1782065231.907613 1389733 gpu_device.cc:2365] Cannot dlopen some GPU libraries. Please make sure the missing libraries mentioned above are installed properly if you would like to use GPU. Follow the guide at https://www.tensorflow.org/install/gpu for how to download and setup the required libraries for your platform.
Skipping registering GPU devices...
Train batches: 352
Val batches: 40
Test batches: 79

----------------------------------------------------------------------
Energy Diagnosis (before training)
----------------------------------------------------------------------
  backbone: 0.1713
  stage_taps: 0.0004
  columns: 0.0000
  combiner: 34.6283
  bypass: 34.8836
  classifier: 101.9226
  E_gauss: 69.6836
  E_ce: 101.9226
  E_gauss/E_ce: 0.6837
Column outputs (z_latent statistics):
  bypass_pool        mean=+0.0200 std=0.1498 min=-0.6223 max=+0.8140
  col_00             mean=+0.0002 std=0.0065 min=-0.0412 max=+0.0600
  col_01             mean=+0.0004 std=0.0057 min=-0.0375 max=+0.0323
  col_02             mean=-0.0002 std=0.0063 min=-0.0436 max=+0.0591
  col_03             mean=-0.0001 std=0.0059 min=-0.0461 max=+0.0416
  column_pool        mean=+0.0022 std=0.0922 min=-0.2857 max=+0.2336
  combiner           mean=+0.0000 std=0.0008 min=-0.0025 max=+0.0023
  output             mean=+0.1000 std=0.3000 min=+0.0000 max=+1.0000
  stage2_tap         mean=+0.0125 std=0.1093 min=-0.5808 max=+0.8507
  stage3_tap         mean=-0.0043 std=0.0607 min=-0.4838 max=+0.3437
  stage4_pool        mean=+0.0005 std=0.0210 min=-0.1182 max=+0.1076
  stage4_tap         mean=-0.0038 std=0.0339 min=-0.2564 max=+0.1918
----------------------------------------------------------------------

Training for 10.0 epochs...
